exports[`test Routing page enzyme test 1`] = `
<div>
  <h3>
    Route /testRoute is Working!
  </h3>
  <h3>
    Item 1
  </h3>
  <h3>
    Item 2
  </h3>
  <h3>
    Item 3
  </h3>
  <h3>
    Item 4
  </h3>
</div>
`;

exports[`test Routing page snapshot test 1`] = `
<div>
  <h3>
    Route /testRoute is Working!
  </h3>
  <h3>
    Item 1
  </h3>
  <h3>
    Item 2
  </h3>
  <h3>
    Item 3
  </h3>
  <h3>
    Item 4
  </h3>
</div>
`;
